// Jest Snapshot v1, https://goo.gl/fbAQLP

exports[`AutofillOverlayList initAutofillOverlayList the locked overlay for an unauthenticated user creates the views for the locked overlay 1`] = `
<div
  aria-modal="true"
  class="overlay-list-container light"
  role="dialog"
>
  <div
    class="locked-overlay overlay-list-message"
    id="locked-overlay-description"
  >
    unlockYourAccount
  </div>
  <div
    class="overlay-list-button-container"
  >
    <button
      aria-label="unlockAccount, opensInANewWindow"
      class="unlock-button overlay-list-button"
      id="unlock-button"
      tabindex="-1"
    >
      <svg
        aria-hidden="true"
        fill="none"
        height="17"
        viewBox="0 0 17 17"
        width="17"
        xmlns="http://www.w3.org/2000/svg"
      >
        <g
          clip-path="url(#a)"
        >
          <path
            d="M8.799 11.633a.68.68 0 0 0-.639.422.695.695 0 0 0-.054.264.682.682 0 0 0 .374.6v1.13a.345.345 0 1 0 .693 0v-1.17a.68.68 0 0 0 .315-.56.695.695 0 0 0-.204-.486.682.682 0 0 0-.485-.2Zm4.554-4.657h-7.11a.438.438 0 0 1-.406-.26A3.81 3.81 0 0 1 5.584 4.3c.112-.435.312-.842.588-1.195A3.196 3.196 0 0 1 7.19 2.25a3.468 3.468 0 0 1 3.225-.059A3.62 3.62 0 0 1 11.94 3.71l.327.59a.502.502 0 1 0 .885-.483l-.307-.552a4.689 4.689 0 0 0-2.209-2.078 4.466 4.466 0 0 0-3.936.185A4.197 4.197 0 0 0 5.37 2.49a4.234 4.234 0 0 0-.768 1.565 4.714 4.714 0 0 0 .162 2.682.182.182 0 0 1-.085.22.173.173 0 0 1-.082.02h-.353a1.368 1.368 0 0 0-1.277.842c-.07.168-.107.348-.109.53v7.1a1.392 1.392 0 0 0 .412.974 1.352 1.352 0 0 0 .974.394h9.117c.363.001.711-.142.97-.4a1.39 1.39 0 0 0 .407-.972v-7.1a1.397 1.397 0 0 0-.414-.973 1.368 1.368 0 0 0-.972-.396Zm.37 8.469a.373.373 0 0 1-.11.26.364.364 0 0 1-.26.107H4.246a.366.366 0 0 1-.26-.107.374.374 0 0 1-.11-.261V8.349a.374.374 0 0 1 .11-.26.366.366 0 0 1 .26-.108h9.116a.366.366 0 0 1 .37.367l-.008 7.097Z"
            fill="#175DDC"
          />
        </g>
        <defs>
          <clippath
            id="a"
          >
            <path
              d="M.798.817h16v16h-16z"
              fill="#fff"
            />
          </clippath>
        </defs>
      </svg>
      unlockAccount
    </button>
  </div>
</div>
`;
